#-----------------------------------------------------------
# Vivado v2020.2 (64-bit)
# SW Build 3064766 on Wed Nov 18 09:12:45 MST 2020
# IP Build 3064653 on Wed Nov 18 14:17:31 MST 2020
# Start of session at: Fri Mar 31 19:15:04 2023
# Process ID: 17288
# Current directory: D:/VivadoProjects/Lab2_JSTK2
# Command line: vivado.exe -gui_launcher_event rodinguilauncherevent5124 D:\VivadoProjects\Lab2_JSTK2\Lab2_JSTK2.xpr
# Log file: D:/VivadoProjects/Lab2_JSTK2/vivado.log
# Journal file: D:/VivadoProjects/Lab2_JSTK2\vivado.jou
#-----------------------------------------------------------
start_gui
open_project D:/VivadoProjects/Lab2_JSTK2/Lab2_JSTK2.xpr
update_compile_order -fileset sources_1
open_bd_design {D:/VivadoProjects/Lab2_JSTK2/Lab2_JSTK2.srcs/sources_1/bd/design_1/design_1.bd}
update_module_reference design_1_digilent_jstk2_0_0
validate_bd_design
save_bd_design
update_module_reference design_1_digilent_jstk2_0_0
validate_bd_design
save_bd_design
launch_runs synth_1 -jobs 6
wait_on_run synth_1
open_run synth_1 -name synth_1
export_ip_user_files -of_objects  [get_files D:/VivadoProjects/Lab2_JSTK2/Lab2_JSTK2.srcs/sources_1/imports/hdl/AXI4Stream_UART_v1_0.vhd] -no_script -reset -force -quiet
export_ip_user_files -of_objects  [get_files D:/VivadoProjects/Lab2_JSTK2/Lab2_JSTK2.srcs/sources_1/imports/hdl/ipi_axis_lw_spi_master.vhd] -no_script -reset -force -quiet
remove_files  {D:/VivadoProjects/Lab2_JSTK2/Lab2_JSTK2.srcs/sources_1/imports/hdl/AXI4Stream_UART_v1_0.vhd D:/VivadoProjects/Lab2_JSTK2/Lab2_JSTK2.srcs/sources_1/imports/hdl/ipi_axis_lw_spi_master.vhd}
update_compile_order -fileset sources_1
export_ip_user_files -of_objects  [get_files D:/VivadoProjects/Lab2_JSTK2/Lab2_JSTK2.srcs/sources_1/imports/progettoVHDL/compagni/Lab2_JSTK/Lab2_JSTK.srcs/sources_1/imports/hdl/ipi_axis_lw_spi_master.vhd] -no_script -reset -force -quiet
remove_files  D:/VivadoProjects/Lab2_JSTK2/Lab2_JSTK2.srcs/sources_1/imports/progettoVHDL/compagni/Lab2_JSTK/Lab2_JSTK.srcs/sources_1/imports/hdl/ipi_axis_lw_spi_master.vhd
update_compile_order -fileset sources_1
update_compile_order -fileset sources_1
make_wrapper -files [get_files D:/VivadoProjects/Lab2_JSTK2/Lab2_JSTK2.srcs/sources_1/bd/design_1/design_1.bd] -top
add_files -norecurse d:/VivadoProjects/Lab2_JSTK2/Lab2_JSTK2.gen/sources_1/bd/design_1/hdl/design_1_wrapper.vhd
update_compile_order -fileset sources_1
update_compile_order -fileset sources_1
validate_bd_design -force
save_bd_design
reset_run synth_1
launch_runs synth_1 -jobs 6
wait_on_run synth_1
close_design
open_run synth_1 -name synth_1
set_property IOSTANDARD LVCMOS33 [get_ports [list SPI_M_0_io0_io SPI_M_0_io1_io SPI_M_0_sck_io SPI_M_0_ss_io]]
place_ports SPI_M_0_io0_io J1
place_ports SPI_M_0_io1_io L2
place_ports SPI_M_0_sck_io J2
place_ports SPI_M_0_ss_io G2
file mkdir D:/VivadoProjects/Lab2_JSTK2/Lab2_JSTK2.srcs/constrs_1/new
close [ open D:/VivadoProjects/Lab2_JSTK2/Lab2_JSTK2.srcs/constrs_1/new/synth.xdc w ]
add_files -fileset constrs_1 D:/VivadoProjects/Lab2_JSTK2/Lab2_JSTK2.srcs/constrs_1/new/synth.xdc
set_property target_constrs_file D:/VivadoProjects/Lab2_JSTK2/Lab2_JSTK2.srcs/constrs_1/new/synth.xdc [current_fileset -constrset]
save_constraints -force
reset_run synth_1
launch_runs impl_1 -to_step write_bitstream -jobs 6
wait_on_run impl_1
create_ip_run [get_files -of_objects [get_fileset sources_1] D:/VivadoProjects/Lab2_JSTK2/Lab2_JSTK2.srcs/sources_1/bd/design_1/design_1.bd]
refresh_design
update_module_reference design_1_digilent_jstk2_0_0
validate_bd_design
save_bd_design
reset_run synth_1
launch_runs impl_1 -to_step write_bitstream -jobs 6
wait_on_run impl_1
startgroup
set_property -dict [list CONFIG.c_sclkfreq {5000}] [get_bd_cells axi4stream_spi_master_0]
endgroup
startgroup
endgroup
save_bd_design
validate_bd_design
save_bd_design
reset_run synth_1
reset_run design_1_axi4stream_spi_master_0_0_synth_1
launch_runs impl_1 -to_step write_bitstream -jobs 6
wait_on_run impl_1
update_module_reference design_1_digilent_jstk2_0_0
validate_bd_design
regenerate_bd_layout
save_bd_design
reset_run synth_1
launch_runs impl_1 -to_step write_bitstream -jobs 6
wait_on_run impl_1
